{
    "type": "Tunic",
    "blocks": [
        {
            "type": "Code",
            "contents": ""
        },
        {
            "type": "Comment",
            "description": "",
            "tags": [
                {
                    "tag": "param",
                    "type": "{Type}",
                    "name": "[name]",
                    "description": "Description."
                }
            ]
        },
        {
            "type": "Code",
            "contents": "\n"
        },
        {
            "type": "Comment",
            "description": "",
            "tags": [
                {
                    "tag": "param",
                    "type": "{Type}",
                    "name": "[name]",
                    "description": "Description."
                }
            ]
        },
        {
            "type": "Code",
            "contents": "\n"
        },
        {
            "type": "Comment",
            "description": "",
            "tags": [
                {
                    "tag": "param",
                    "type": "{Type}",
                    "name": "name",
                    "description": "Description."
                }
            ]
        },
        {
            "type": "Code",
            "contents": "\n"
        },
        {
            "type": "Comment",
            "description": "",
            "tags": [
                {
                    "tag": "param",
                    "type": "{Type}",
                    "name": "name",
                    "description": "Description."
                }
            ]
        },
        {
            "type": "Code",
            "contents": "\n"
        },
        {
            "type": "Comment",
            "description": "",
            "tags": [
                {
                    "tag": "param",
                    "type": "{Type}",
                    "name": "[name]"
                }
            ]
        },
        {
            "type": "Code",
            "contents": "\n"
        },
        {
            "type": "Comment",
            "description": "",
            "tags": [
                {
                    "tag": "param",
                    "type": "{Type}",
                    "name": "name"
                }
            ]
        },
        {
            "type": "Code",
            "contents": "\n"
        },
        {
            "type": "Comment",
            "description": "",
            "tags": [
                {
                    "tag": "param",
                    "name": "[name]",
                    "description": "Description."
                }
            ]
        },
        {
            "type": "Code",
            "contents": "\n"
        },
        {
            "type": "Comment",
            "description": "",
            "tags": [
                {
                    "tag": "param",
                    "name": "[name]",
                    "description": "Description."
                }
            ]
        },
        {
            "type": "Code",
            "contents": "\n"
        },
        {
            "type": "Comment",
            "description": "",
            "tags": [
                {
                    "tag": "param",
                    "name": "name",
                    "description": "Description."
                }
            ]
        },
        {
            "type": "Code",
            "contents": "\n"
        },
        {
            "type": "Comment",
            "description": "",
            "tags": [
                {
                    "tag": "param",
                    "name": "name",
                    "description": "Description."
                }
            ]
        },
        {
            "type": "Code",
            "contents": "\n"
        },
        {
            "type": "Comment",
            "description": "",
            "tags": [
                {
                    "tag": "param",
                    "name": "[name]"
                }
            ]
        },
        {
            "type": "Code",
            "contents": "\n"
        },
        {
            "type": "Comment",
            "description": "",
            "tags": [
                {
                    "tag": "param",
                    "name": "name"
                }
            ]
        },
        {
            "type": "Code",
            "contents": "\n"
        }
    ]
}
