{
    "type": "Document",
    "blocks": [
        {
            "type": "Code",
            "contents": ""
        },
        {
            "type": "Comment",
            "description": "",
            "tags": [
                {
                    "tag": "param",
                    "name": "name"
                }
            ]
        },
        {
            "type": "Code",
            "contents": ""
        },
        {
            "type": "Comment",
            "description": "",
            "tags": [
                {
                    "tag": "param",
                    "name": "[name]"
                }
            ]
        },
        {
            "type": "Code",
            "contents": ""
        },
        {
            "type": "Comment",
            "description": "",
            "tags": [
                {
                    "tag": "param",
                    "name": "[name={}]"
                }
            ]
        },
        {
            "type": "Code",
            "contents": ""
        },
        {
            "type": "Comment",
            "description": "",
            "tags": [
                {
                    "tag": "param",
                    "name": "[name=\"hello world\"]"
                }
            ]
        },
        {
            "type": "Code",
            "contents": ""
        }
    ]
}
