{
    "type": "Tunic",
    "blocks": [
        {
            "type": "Code",
            "contents": ""
        },
        {
            "type": "Comment",
            "description": "",
            "tags": [
                {
                    "tag": "param",
                    "type": "{Type}"
                }
            ]
        },
        {
            "type": "Code",
            "contents": ""
        },
        {
            "type": "Comment",
            "description": "",
            "tags": [
                {
                    "tag": "param",
                    "type": "{String|Object}"
                }
            ]
        },
        {
            "type": "Code",
            "contents": ""
        },
        {
            "type": "Comment",
            "description": "",
            "tags": [
                {
                    "tag": "param",
                    "type": "{Array.<Object.<String,Number>>}"
                }
            ]
        },
        {
            "type": "Code",
            "contents": ""
        },
        {
            "type": "Comment",
            "description": "",
            "tags": [
                {
                    "tag": "param",
                    "type": "{Function(String, ...[Number]): Number}",
                    "name": "callback"
                }
            ]
        },
        {
            "type": "Code",
            "contents": ""
        }
    ]
}
